// Jest Snapshot v1, https://goo.gl/fbAQLP

exports[`Graphql API fetches cars 1`] = `
Object {
  "data": Object {
    "cars": Array [
      Object {
        "id": "1234-5678",
        "make": "Ford",
        "model": "Model",
        "year": "1950",
      },
    ],
    "total": 1,
  },
  "errors": undefined,
  "extensions": undefined,
  "http": Object {
    "headers": Headers {
      Symbol(map): Object {},
    },
  },
}
`;
